Vivado Simulator v2023.2
Copyright 1986-2022 Xilinx, Inc. All Rights Reserved.
Copyright 2022-2023 Advanced Micro Devices, Inc. All Rights Reserved.
Running: D:/Bibado/Vivado/2023.2/bin/unwrapped/win64.o/xelab.exe --incr --debug typical --relax --mt 2 -L xil_defaultlib -L unisims_ver -L unimacro_ver -L secureip --snapshot TB_behav xil_defaultlib.TB xil_defaultlib.glbl -log elaborate.log 
Using 2 slave threads.
Starting static elaboration
Pass Through NonSizing Optimizer
WARNING: [VRFC 10-3091] actual bit length 16 differs from formal bit length 4 for port 'ADDR' [C:/Users/skobe/Desktop/uP/16-bit_uP/uP_16bit/uP_16bit.srcs/sources_1/new/uP_top.v:111]
WARNING: [VRFC 10-3091] actual bit length 16 differs from formal bit length 4 for port 'ADDR' [C:/Users/skobe/Desktop/uP/16-bit_uP/uP_16bit/uP_16bit.srcs/sources_1/new/uP_top.v:126]
Completed static elaboration
Starting simulation data flow analysis
Completed simulation data flow analysis
Time Resolution for simulation is 1ps
Compiling module xil_defaultlib.PC_Counter
Compiling module xil_defaultlib.ROM
Compiling module xil_defaultlib.Instruction_Decoder
Compiling module xil_defaultlib.RAM
Compiling module xil_defaultlib.REGs
Compiling module xil_defaultlib.Mux2x1
Compiling module xil_defaultlib.ALU
Compiling module xil_defaultlib.Accumulator
Compiling module xil_defaultlib.Accumulator_splitter
Compiling module xil_defaultlib.ANODE_SWITCHER
Compiling module xil_defaultlib.SEG_DECODER
Compiling module xil_defaultlib.uP_top
Compiling module xil_defaultlib.TB
Compiling module xil_defaultlib.glbl
Built simulation snapshot TB_behav
