INFO: [VRFC 10-2263] Analyzing Verilog file "C:/Users/skobe/Desktop/uP/16-bit_uP/uP_16bit/uP_16bit.srcs/sources_1/new/ALU.v" into library xil_defaultlib
INFO: [VRFC 10-311] analyzing module ALU
INFO: [VRFC 10-2263] Analyzing Verilog file "C:/Users/skobe/Desktop/uP/16-bit_uP/uP_16bit/uP_16bit.srcs/sources_1/new/ANODE_SWITCHER.v" into library xil_defaultlib
INFO: [VRFC 10-311] analyzing module ANODE_SWITCHER
INFO: [VRFC 10-2263] Analyzing Verilog file "C:/Users/skobe/Desktop/uP/16-bit_uP/uP_16bit/uP_16bit.srcs/sources_1/new/Accumulator.v" into library xil_defaultlib
INFO: [VRFC 10-311] analyzing module Accumulator
INFO: [VRFC 10-2263] Analyzing Verilog file "C:/Users/skobe/Desktop/uP/16-bit_uP/uP_16bit/uP_16bit.srcs/sources_1/new/Accumulator_splitter.v" into library xil_defaultlib
INFO: [VRFC 10-311] analyzing module Accumulator_splitter
INFO: [VRFC 10-2263] Analyzing Verilog file "C:/Users/skobe/Desktop/uP/16-bit_uP/uP_16bit/uP_16bit.srcs/sources_1/new/Instruction_Decoder.v" into library xil_defaultlib
INFO: [VRFC 10-311] analyzing module Instruction_Decoder
INFO: [VRFC 10-2263] Analyzing Verilog file "C:/Users/skobe/Desktop/uP/16-bit_uP/uP_16bit/uP_16bit.srcs/sources_1/new/Mux2x1.v" into library xil_defaultlib
INFO: [VRFC 10-311] analyzing module Mux2x1
INFO: [VRFC 10-2263] Analyzing Verilog file "C:/Users/skobe/Desktop/uP/16-bit_uP/uP_16bit/uP_16bit.srcs/sources_1/new/PC_Counter.v" into library xil_defaultlib
INFO: [VRFC 10-311] analyzing module PC_Counter
INFO: [VRFC 10-2263] Analyzing Verilog file "C:/Users/skobe/Desktop/uP/16-bit_uP/uP_16bit/uP_16bit.srcs/sources_1/new/RAM.v" into library xil_defaultlib
INFO: [VRFC 10-311] analyzing module RAM
INFO: [VRFC 10-2263] Analyzing Verilog file "C:/Users/skobe/Desktop/uP/16-bit_uP/uP_16bit/uP_16bit.srcs/sources_1/new/REGs.v" into library xil_defaultlib
INFO: [VRFC 10-311] analyzing module REGs
INFO: [VRFC 10-2263] Analyzing Verilog file "C:/Users/skobe/Desktop/uP/16-bit_uP/uP_16bit/uP_16bit.srcs/sources_1/new/ROM.v" into library xil_defaultlib
INFO: [VRFC 10-311] analyzing module ROM
INFO: [VRFC 10-2263] Analyzing Verilog file "C:/Users/skobe/Desktop/uP/16-bit_uP/uP_16bit/uP_16bit.srcs/sources_1/new/SEG_DECODER.v" into library xil_defaultlib
INFO: [VRFC 10-311] analyzing module SEG_DECODER
INFO: [VRFC 10-2263] Analyzing Verilog file "C:/Users/skobe/Desktop/uP/16-bit_uP/uP_16bit/uP_16bit.srcs/sources_1/new/uP_top.v" into library xil_defaultlib
INFO: [VRFC 10-311] analyzing module uP_top
INFO: [VRFC 10-2263] Analyzing Verilog file "C:/Users/skobe/Desktop/uP/16-bit_uP/uP_16bit/uP_16bit.srcs/sim_1/new/TB.v" into library xil_defaultlib
INFO: [VRFC 10-311] analyzing module TB
