Copyright 1986-2022 Xilinx, Inc. All Rights Reserved. Copyright 2022-2023 Advanced Micro Devices, Inc. All Rights Reserved.
---------------------------------------------------------------------------------------------------------------------------------------------------------------------------------------------------------------
| Tool Version : Vivado v.2023.2 (win64) Build 4029153 Fri Oct 13 20:14:34 MDT 2023
| Date         : Sun Nov 24 17:01:14 2024
| Host         : DESKTOP-HGV327J running 64-bit major release  (build 9200)
| Command      : report_timing_summary -max_paths 10 -report_unconstrained -file uP_top_timing_summary_routed.rpt -pb uP_top_timing_summary_routed.pb -rpx uP_top_timing_summary_routed.rpx -warn_on_violation
| Design       : uP_top
| Device       : 7a35t-cpg236
| Speed File   : -1  PRODUCTION 1.23 2018-06-13
| Design State : Routed
---------------------------------------------------------------------------------------------------------------------------------------------------------------------------------------------------------------

Timing Summary Report

------------------------------------------------------------------------------------------------
| Timer Settings
| --------------
------------------------------------------------------------------------------------------------

  Enable Multi Corner Analysis               :  Yes
  Enable Pessimism Removal                   :  Yes
  Pessimism Removal Resolution               :  Nearest Common Node
  Enable Input Delay Default Clock           :  No
  Enable Preset / Clear Arcs                 :  No
  Disable Flight Delays                      :  No
  Ignore I/O Paths                           :  No
  Timing Early Launch at Borrowing Latches   :  No
  Borrow Time for Max Delay Exceptions       :  Yes
  Merge Timing Exceptions                    :  Yes
  Inter-SLR Compensation                     :  Conservative

  Corner  Analyze    Analyze    
  Name    Max Paths  Min Paths  
  ------  ---------  ---------  
  Slow    Yes        Yes        
  Fast    Yes        Yes        


------------------------------------------------------------------------------------------------
| Report Methodology
| ------------------
------------------------------------------------------------------------------------------------

Rule       Severity          Description                     Violations  
---------  ----------------  ------------------------------  ----------  
TIMING-17  Critical Warning  Non-clocked sequential cell     69          
LUTAR-1    Warning           LUT drives async reset alert    2           
TIMING-20  Warning           Non-clocked latch               34          
LATCH-1    Advisory          Existing latches in the design  1           

Note: This report is based on the most recent report_methodology run and may not be up-to-date. Run report_methodology on the current design for the latest report.



check_timing report

Table of Contents
-----------------
1. checking no_clock (285)
2. checking constant_clock (0)
3. checking pulse_width_clock (0)
4. checking unconstrained_internal_endpoints (191)
5. checking no_input_delay (2)
6. checking no_output_delay (13)
7. checking multiple_clock (0)
8. checking generated_clocks (0)
9. checking loops (0)
10. checking partial_input_delay (0)
11. checking partial_output_delay (0)
12. checking latch_loops (0)

1. checking no_clock (285)
--------------------------
 There are 29 register/latch pins with no clock driven by root clock pin: CLK (HIGH)

 There are 7 register/latch pins with no clock driven by root clock pin: anode_switch_unit/ANODE_POINTER_reg[0]/Q (HIGH)

 There are 7 register/latch pins with no clock driven by root clock pin: anode_switch_unit/ANODE_POINTER_reg[1]/Q (HIGH)

 There are 40 register/latch pins with no clock driven by root clock pin: debouncer_unit/u2/Q_reg/Q (HIGH)

 There are 40 register/latch pins with no clock driven by root clock pin: debouncer_unit/u3/Q_reg/Q (HIGH)

 There are 27 register/latch pins with no clock driven by root clock pin: pc_unit/Q_reg[0]/Q (HIGH)

 There are 27 register/latch pins with no clock driven by root clock pin: pc_unit/Q_reg[1]/Q (HIGH)

 There are 27 register/latch pins with no clock driven by root clock pin: pc_unit/Q_reg[2]/Q (HIGH)

 There are 27 register/latch pins with no clock driven by root clock pin: pc_unit/Q_reg[3]/Q (HIGH)

 There are 27 register/latch pins with no clock driven by root clock pin: pc_unit/Q_reg[4]/Q (HIGH)

 There are 27 register/latch pins with no clock driven by root clock pin: pc_unit/Q_reg[5]/Q (HIGH)


2. checking constant_clock (0)
------------------------------
 There are 0 register/latch pins with constant_clock.


3. checking pulse_width_clock (0)
---------------------------------
 There are 0 register/latch pins which need pulse_width check


4. checking unconstrained_internal_endpoints (191)
--------------------------------------------------
 There are 191 pins that are not constrained for maximum delay. (HIGH)

 There are 0 pins that are not constrained for maximum delay due to constant clock.


5. checking no_input_delay (2)
------------------------------
 There are 2 input ports with no input delay specified. (HIGH)

 There are 0 input ports with no input delay but user has a false path constraint.


6. checking no_output_delay (13)
--------------------------------
 There are 13 ports with no output delay specified. (HIGH)

 There are 0 ports with no output delay but user has a false path constraint

 There are 0 ports with no output delay but with a timing clock defined on it or propagating through it


7. checking multiple_clock (0)
------------------------------
 There are 0 register/latch pins with multiple clocks.


8. checking generated_clocks (0)
--------------------------------
 There are 0 generated clocks that are not connected to a clock source.


9. checking loops (0)
---------------------
 There are 0 combinational loops in the design.


10. checking partial_input_delay (0)
------------------------------------
 There are 0 input ports with partial input delay specified.


11. checking partial_output_delay (0)
-------------------------------------
 There are 0 ports with partial output delay specified.


12. checking latch_loops (0)
----------------------------
 There are 0 combinational latch loops in the design through latch input



------------------------------------------------------------------------------------------------
| Design Timing Summary
| ---------------------
------------------------------------------------------------------------------------------------

    WNS(ns)      TNS(ns)  TNS Failing Endpoints  TNS Total Endpoints      WHS(ns)      THS(ns)  THS Failing Endpoints  THS Total Endpoints     WPWS(ns)     TPWS(ns)  TPWS Failing Endpoints  TPWS Total Endpoints  
    -------      -------  ---------------------  -------------------      -------      -------  ---------------------  -------------------     --------     --------  ----------------------  --------------------  
        inf        0.000                      0                  204          inf        0.000                      0                  204           NA           NA                      NA                    NA  


There are no user specified timing constraints.


------------------------------------------------------------------------------------------------
| Clock Summary
| -------------
------------------------------------------------------------------------------------------------


------------------------------------------------------------------------------------------------
| Intra Clock Table
| -----------------
------------------------------------------------------------------------------------------------

Clock             WNS(ns)      TNS(ns)  TNS Failing Endpoints  TNS Total Endpoints      WHS(ns)      THS(ns)  THS Failing Endpoints  THS Total Endpoints     WPWS(ns)     TPWS(ns)  TPWS Failing Endpoints  TPWS Total Endpoints  
-----             -------      -------  ---------------------  -------------------      -------      -------  ---------------------  -------------------     --------     --------  ----------------------  --------------------  


------------------------------------------------------------------------------------------------
| Inter Clock Table
| -----------------
------------------------------------------------------------------------------------------------

From Clock    To Clock          WNS(ns)      TNS(ns)  TNS Failing Endpoints  TNS Total Endpoints      WHS(ns)      THS(ns)  THS Failing Endpoints  THS Total Endpoints  
----------    --------          -------      -------  ---------------------  -------------------      -------      -------  ---------------------  -------------------  


------------------------------------------------------------------------------------------------
| Other Path Groups Table
| -----------------------
------------------------------------------------------------------------------------------------

Path Group    From Clock    To Clock          WNS(ns)      TNS(ns)  TNS Failing Endpoints  TNS Total Endpoints      WHS(ns)      THS(ns)  THS Failing Endpoints  THS Total Endpoints  
----------    ----------    --------          -------      -------  ---------------------  -------------------      -------      -------  ---------------------  -------------------  


------------------------------------------------------------------------------------------------
| User Ignored Path Table
| -----------------------
------------------------------------------------------------------------------------------------

Path Group    From Clock    To Clock    
----------    ----------    --------    


------------------------------------------------------------------------------------------------
| Unconstrained Path Table
| ------------------------
------------------------------------------------------------------------------------------------

Path Group    From Clock    To Clock    
----------    ----------    --------    
(none)                                    


------------------------------------------------------------------------------------------------
| Timing Details
| --------------
------------------------------------------------------------------------------------------------


--------------------------------------------------------------------------------------
Path Group:  (none)
From Clock:  
  To Clock:  

Max Delay           204 Endpoints
Min Delay           204 Endpoints
--------------------------------------------------------------------------------------


Max Delay Paths
--------------------------------------------------------------------------------------
Slack:                    inf
  Source:                 alu_unit/temp_out_reg[7]/G
                            (positive level-sensitive latch)
  Destination:            ZERO
                            (output port)
  Path Group:             (none)
  Path Type:              Max at Slow Process Corner
  Data Path Delay:        9.731ns  (logic 4.322ns (44.420%)  route 5.408ns (55.580%))
  Logic Levels:           4  (LDCE=1 LUT6=2 OBUF=1)

    Location             Delay type                Incr(ns)  Path(ns)    Netlist Resource(s)
  -------------------------------------------------------------------    -------------------
    SLICE_X55Y19         LDCE                         0.000     0.000 r  alu_unit/temp_out_reg[7]/G
    SLICE_X55Y19         LDCE (EnToQ_ldce_G_Q)        0.559     0.559 f  alu_unit/temp_out_reg[7]/Q
                         net (fo=2, routed)           1.133     1.692    alu_unit/Q[7]
    SLICE_X54Y18         LUT6 (Prop_lut6_I1_O)        0.124     1.816 r  alu_unit/ZERO_OBUF_inst_i_3/O
                         net (fo=1, routed)           1.185     3.001    alu_unit/ZERO_OBUF_inst_i_3_n_0
    SLICE_X59Y18         LUT6 (Prop_lut6_I5_O)        0.124     3.125 r  alu_unit/ZERO_OBUF_inst_i_1/O
                         net (fo=1, routed)           3.090     6.215    ZERO_OBUF
    P1                   OBUF (Prop_obuf_I_O)         3.515     9.731 r  ZERO_OBUF_inst/O
                         net (fo=0)                   0.000     9.731    ZERO
    P1                                                                r  ZERO (OUT)
  -------------------------------------------------------------------    -------------------

Slack:                    inf
  Source:                 RST_btn
                            (input port)
  Destination:            CARRY
                            (output port)
  Path Group:             (none)
  Path Type:              Max at Slow Process Corner
  Data Path Delay:        9.148ns  (logic 5.102ns (55.765%)  route 4.047ns (44.235%))
  Logic Levels:           3  (IBUF=1 LUT2=1 OBUF=1)

    Location             Delay type                Incr(ns)  Path(ns)    Netlist Resource(s)
  -------------------------------------------------------------------    -------------------
    R2                                                0.000     0.000 f  RST_btn (IN)
                         net (fo=0)                   0.000     0.000    RST_btn
    R2                   IBUF (Prop_ibuf_I_O)         1.456     1.456 f  RST_btn_IBUF_inst/O
                         net (fo=12, routed)          1.251     2.707    alu_unit/RST_btn_IBUF
    SLICE_X64Y39         LUT2 (Prop_lut2_I1_O)        0.124     2.831 r  alu_unit/CARRY_OBUF_inst_i_1/O
                         net (fo=1, routed)           2.796     5.627    CARRY_OBUF
    L1                   OBUF (Prop_obuf_I_O)         3.521     9.148 r  CARRY_OBUF_inst/O
                         net (fo=0)                   0.000     9.148    CARRY
    L1                                                                r  CARRY (OUT)
  -------------------------------------------------------------------    -------------------

Slack:                    inf
  Source:                 inst_decoder_unit/REG_addr_reg[2]/G
                            (positive level-sensitive latch)
  Destination:            alu_unit/temp_out_reg[9]/D
  Path Group:             (none)
  Path Type:              Max at Slow Process Corner
  Data Path Delay:        8.059ns  (logic 2.456ns (30.475%)  route 5.603ns (69.525%))
  Logic Levels:           9  (CARRY4=3 LDCE=1 LUT3=1 LUT4=1 LUT5=1 LUT6=1 RAMS32=1)

    Location             Delay type                Incr(ns)  Path(ns)    Netlist Resource(s)
  -------------------------------------------------------------------    -------------------
    SLICE_X58Y20         LDCE                         0.000     0.000 r  inst_decoder_unit/REG_addr_reg[2]/G
    SLICE_X58Y20         LDCE (EnToQ_ldce_G_Q)        0.559     0.559 r  inst_decoder_unit/REG_addr_reg[2]/Q
                         net (fo=16, routed)          1.455     2.014    regs_unit/REG_MEM_reg_0_15_2_2/A2
    SLICE_X56Y18         RAMS32 (Prop_rams32_ADR2_O)
                                                      0.124     2.138 r  regs_unit/REG_MEM_reg_0_15_2_2/SP/O
                         net (fo=1, routed)           0.811     2.949    inst_decoder_unit/OUT0[2]
    SLICE_X56Y17         LUT3 (Prop_lut3_I2_O)        0.152     3.101 r  inst_decoder_unit/i__carry_i_9/O
                         net (fo=5, routed)           0.983     4.083    inst_decoder_unit/REG_OUT_DATA[2]
    SLICE_X54Y17         LUT5 (Prop_lut5_I3_O)        0.348     4.431 r  inst_decoder_unit/i__carry_i_14/O
                         net (fo=1, routed)           0.717     5.148    inst_decoder_unit/i__carry_i_14_n_0
    SLICE_X55Y17         LUT4 (Prop_lut4_I3_O)        0.124     5.272 r  inst_decoder_unit/i__carry_i_6/O
                         net (fo=1, routed)           0.000     5.272    alu_unit/S[2]
    SLICE_X55Y17         CARRY4 (Prop_carry4_S[2]_CO[3])
                                                      0.398     5.670 r  alu_unit/temp_out0_inferred__1/i__carry/CO[3]
                         net (fo=1, routed)           0.000     5.670    alu_unit/temp_out0_inferred__1/i__carry_n_0
    SLICE_X55Y18         CARRY4 (Prop_carry4_CI_CO[3])
                                                      0.114     5.784 r  alu_unit/temp_out0_inferred__1/i__carry__0/CO[3]
                         net (fo=1, routed)           0.000     5.784    alu_unit/temp_out0_inferred__1/i__carry__0_n_0
    SLICE_X55Y19         CARRY4 (Prop_carry4_CI_O[1])
                                                      0.334     6.118 r  alu_unit/temp_out0_inferred__1/i__carry__1/O[1]
                         net (fo=1, routed)           0.951     7.069    pc_unit/data4[9]
    SLICE_X55Y16         LUT6 (Prop_lut6_I1_O)        0.303     7.372 r  pc_unit/temp_out_reg[9]_i_1/O
                         net (fo=1, routed)           0.687     8.059    alu_unit/D[9]
    SLICE_X55Y19         LDCE                                         r  alu_unit/temp_out_reg[9]/D
  -------------------------------------------------------------------    -------------------

Slack:                    inf
  Source:                 inst_decoder_unit/REG_addr_reg[2]/G
                            (positive level-sensitive latch)
  Destination:            alu_unit/temp_out_reg[7]/D
  Path Group:             (none)
  Path Type:              Max at Slow Process Corner
  Data Path Delay:        8.031ns  (logic 2.324ns (28.937%)  route 5.707ns (71.063%))
  Logic Levels:           8  (CARRY4=2 LDCE=1 LUT3=1 LUT4=1 LUT5=1 LUT6=1 RAMS32=1)

    Location             Delay type                Incr(ns)  Path(ns)    Netlist Resource(s)
  -------------------------------------------------------------------    -------------------
    SLICE_X58Y20         LDCE                         0.000     0.000 r  inst_decoder_unit/REG_addr_reg[2]/G
    SLICE_X58Y20         LDCE (EnToQ_ldce_G_Q)        0.559     0.559 r  inst_decoder_unit/REG_addr_reg[2]/Q
                         net (fo=16, routed)          1.455     2.014    regs_unit/REG_MEM_reg_0_15_2_2/A2
    SLICE_X56Y18         RAMS32 (Prop_rams32_ADR2_O)
                                                      0.124     2.138 r  regs_unit/REG_MEM_reg_0_15_2_2/SP/O
                         net (fo=1, routed)           0.811     2.949    inst_decoder_unit/OUT0[2]
    SLICE_X56Y17         LUT3 (Prop_lut3_I2_O)        0.152     3.101 r  inst_decoder_unit/i__carry_i_9/O
                         net (fo=5, routed)           0.983     4.083    inst_decoder_unit/REG_OUT_DATA[2]
    SLICE_X54Y17         LUT5 (Prop_lut5_I3_O)        0.348     4.431 r  inst_decoder_unit/i__carry_i_14/O
                         net (fo=1, routed)           0.717     5.148    inst_decoder_unit/i__carry_i_14_n_0
    SLICE_X55Y17         LUT4 (Prop_lut4_I3_O)        0.124     5.272 r  inst_decoder_unit/i__carry_i_6/O
                         net (fo=1, routed)           0.000     5.272    alu_unit/S[2]
    SLICE_X55Y17         CARRY4 (Prop_carry4_S[2]_CO[3])
                                                      0.398     5.670 r  alu_unit/temp_out0_inferred__1/i__carry/CO[3]
                         net (fo=1, routed)           0.000     5.670    alu_unit/temp_out0_inferred__1/i__carry_n_0
    SLICE_X55Y18         CARRY4 (Prop_carry4_CI_O[3])
                                                      0.313     5.983 r  alu_unit/temp_out0_inferred__1/i__carry__0/O[3]
                         net (fo=1, routed)           1.038     7.021    pc_unit/data4[7]
    SLICE_X59Y18         LUT6 (Prop_lut6_I1_O)        0.306     7.327 r  pc_unit/temp_out_reg[7]_i_1/O
                         net (fo=1, routed)           0.704     8.031    alu_unit/D[7]
    SLICE_X55Y19         LDCE                                         r  alu_unit/temp_out_reg[7]/D
  -------------------------------------------------------------------    -------------------

Slack:                    inf
  Source:                 inst_decoder_unit/REG_addr_reg[2]/G
                            (positive level-sensitive latch)
  Destination:            alu_unit/temp_out_reg[11]/D
  Path Group:             (none)
  Path Type:              Max at Slow Process Corner
  Data Path Delay:        7.828ns  (logic 2.438ns (31.143%)  route 5.390ns (68.857%))
  Logic Levels:           9  (CARRY4=3 LDCE=1 LUT3=1 LUT4=1 LUT5=1 LUT6=1 RAMS32=1)

    Location             Delay type                Incr(ns)  Path(ns)    Netlist Resource(s)
  -------------------------------------------------------------------    -------------------
    SLICE_X58Y20         LDCE                         0.000     0.000 r  inst_decoder_unit/REG_addr_reg[2]/G
    SLICE_X58Y20         LDCE (EnToQ_ldce_G_Q)        0.559     0.559 r  inst_decoder_unit/REG_addr_reg[2]/Q
                         net (fo=16, routed)          1.455     2.014    regs_unit/REG_MEM_reg_0_15_2_2/A2
    SLICE_X56Y18         RAMS32 (Prop_rams32_ADR2_O)
                                                      0.124     2.138 r  regs_unit/REG_MEM_reg_0_15_2_2/SP/O
                         net (fo=1, routed)           0.811     2.949    inst_decoder_unit/OUT0[2]
    SLICE_X56Y17         LUT3 (Prop_lut3_I2_O)        0.152     3.101 r  inst_decoder_unit/i__carry_i_9/O
                         net (fo=5, routed)           0.983     4.083    inst_decoder_unit/REG_OUT_DATA[2]
    SLICE_X54Y17         LUT5 (Prop_lut5_I3_O)        0.348     4.431 r  inst_decoder_unit/i__carry_i_14/O
                         net (fo=1, routed)           0.717     5.148    inst_decoder_unit/i__carry_i_14_n_0
    SLICE_X55Y17         LUT4 (Prop_lut4_I3_O)        0.124     5.272 r  inst_decoder_unit/i__carry_i_6/O
                         net (fo=1, routed)           0.000     5.272    alu_unit/S[2]
    SLICE_X55Y17         CARRY4 (Prop_carry4_S[2]_CO[3])
                                                      0.398     5.670 r  alu_unit/temp_out0_inferred__1/i__carry/CO[3]
                         net (fo=1, routed)           0.000     5.670    alu_unit/temp_out0_inferred__1/i__carry_n_0
    SLICE_X55Y18         CARRY4 (Prop_carry4_CI_CO[3])
                                                      0.114     5.784 r  alu_unit/temp_out0_inferred__1/i__carry__0/CO[3]
                         net (fo=1, routed)           0.000     5.784    alu_unit/temp_out0_inferred__1/i__carry__0_n_0
    SLICE_X55Y19         CARRY4 (Prop_carry4_CI_O[3])
                                                      0.313     6.097 r  alu_unit/temp_out0_inferred__1/i__carry__1/O[3]
                         net (fo=1, routed)           0.814     6.911    pc_unit/data4[11]
    SLICE_X54Y20         LUT6 (Prop_lut6_I3_O)        0.306     7.217 r  pc_unit/temp_out_reg[11]_i_1/O
                         net (fo=1, routed)           0.612     7.828    alu_unit/D[11]
    SLICE_X54Y20         LDCE                                         r  alu_unit/temp_out_reg[11]/D
  -------------------------------------------------------------------    -------------------

Slack:                    inf
  Source:                 inst_decoder_unit/REG_addr_reg[2]/G
                            (positive level-sensitive latch)
  Destination:            alu_unit/temp_out_reg[10]/D
  Path Group:             (none)
  Path Type:              Max at Slow Process Corner
  Data Path Delay:        7.708ns  (logic 2.360ns (30.619%)  route 5.348ns (69.381%))
  Logic Levels:           9  (CARRY4=3 LDCE=1 LUT3=1 LUT4=1 LUT5=1 LUT6=1 RAMS32=1)

    Location             Delay type                Incr(ns)  Path(ns)    Netlist Resource(s)
  -------------------------------------------------------------------    -------------------
    SLICE_X58Y20         LDCE                         0.000     0.000 r  inst_decoder_unit/REG_addr_reg[2]/G
    SLICE_X58Y20         LDCE (EnToQ_ldce_G_Q)        0.559     0.559 r  inst_decoder_unit/REG_addr_reg[2]/Q
                         net (fo=16, routed)          1.455     2.014    regs_unit/REG_MEM_reg_0_15_2_2/A2
    SLICE_X56Y18         RAMS32 (Prop_rams32_ADR2_O)
                                                      0.124     2.138 r  regs_unit/REG_MEM_reg_0_15_2_2/SP/O
                         net (fo=1, routed)           0.811     2.949    inst_decoder_unit/OUT0[2]
    SLICE_X56Y17         LUT3 (Prop_lut3_I2_O)        0.152     3.101 r  inst_decoder_unit/i__carry_i_9/O
                         net (fo=5, routed)           0.983     4.083    inst_decoder_unit/REG_OUT_DATA[2]
    SLICE_X54Y17         LUT5 (Prop_lut5_I3_O)        0.348     4.431 r  inst_decoder_unit/i__carry_i_14/O
                         net (fo=1, routed)           0.717     5.148    inst_decoder_unit/i__carry_i_14_n_0
    SLICE_X55Y17         LUT4 (Prop_lut4_I3_O)        0.124     5.272 r  inst_decoder_unit/i__carry_i_6/O
                         net (fo=1, routed)           0.000     5.272    alu_unit/S[2]
    SLICE_X55Y17         CARRY4 (Prop_carry4_S[2]_CO[3])
                                                      0.398     5.670 r  alu_unit/temp_out0_inferred__1/i__carry/CO[3]
                         net (fo=1, routed)           0.000     5.670    alu_unit/temp_out0_inferred__1/i__carry_n_0
    SLICE_X55Y18         CARRY4 (Prop_carry4_CI_CO[3])
                                                      0.114     5.784 r  alu_unit/temp_out0_inferred__1/i__carry__0/CO[3]
                         net (fo=1, routed)           0.000     5.784    alu_unit/temp_out0_inferred__1/i__carry__0_n_0
    SLICE_X55Y19         CARRY4 (Prop_carry4_CI_O[2])
                                                      0.239     6.023 r  alu_unit/temp_out0_inferred__1/i__carry__1/O[2]
                         net (fo=1, routed)           0.835     6.858    pc_unit/data4[10]
    SLICE_X54Y21         LUT6 (Prop_lut6_I3_O)        0.302     7.160 r  pc_unit/temp_out_reg[10]_i_1/O
                         net (fo=1, routed)           0.548     7.708    alu_unit/D[10]
    SLICE_X55Y22         LDCE                                         r  alu_unit/temp_out_reg[10]/D
  -------------------------------------------------------------------    -------------------

Slack:                    inf
  Source:                 inst_decoder_unit/REG_addr_reg[2]/G
                            (positive level-sensitive latch)
  Destination:            alu_unit/temp_out_reg[5]/D
  Path Group:             (none)
  Path Type:              Max at Slow Process Corner
  Data Path Delay:        7.665ns  (logic 2.342ns (30.556%)  route 5.323ns (69.444%))
  Logic Levels:           8  (CARRY4=2 LDCE=1 LUT3=1 LUT4=1 LUT5=1 LUT6=1 RAMS32=1)

    Location             Delay type                Incr(ns)  Path(ns)    Netlist Resource(s)
  -------------------------------------------------------------------    -------------------
    SLICE_X58Y20         LDCE                         0.000     0.000 r  inst_decoder_unit/REG_addr_reg[2]/G
    SLICE_X58Y20         LDCE (EnToQ_ldce_G_Q)        0.559     0.559 r  inst_decoder_unit/REG_addr_reg[2]/Q
                         net (fo=16, routed)          1.455     2.014    regs_unit/REG_MEM_reg_0_15_2_2/A2
    SLICE_X56Y18         RAMS32 (Prop_rams32_ADR2_O)
                                                      0.124     2.138 r  regs_unit/REG_MEM_reg_0_15_2_2/SP/O
                         net (fo=1, routed)           0.811     2.949    inst_decoder_unit/OUT0[2]
    SLICE_X56Y17         LUT3 (Prop_lut3_I2_O)        0.152     3.101 r  inst_decoder_unit/i__carry_i_9/O
                         net (fo=5, routed)           0.983     4.083    inst_decoder_unit/REG_OUT_DATA[2]
    SLICE_X54Y17         LUT5 (Prop_lut5_I3_O)        0.348     4.431 r  inst_decoder_unit/i__carry_i_14/O
                         net (fo=1, routed)           0.717     5.148    inst_decoder_unit/i__carry_i_14_n_0
    SLICE_X55Y17         LUT4 (Prop_lut4_I3_O)        0.124     5.272 r  inst_decoder_unit/i__carry_i_6/O
                         net (fo=1, routed)           0.000     5.272    alu_unit/S[2]
    SLICE_X55Y17         CARRY4 (Prop_carry4_S[2]_CO[3])
                                                      0.398     5.670 r  alu_unit/temp_out0_inferred__1/i__carry/CO[3]
                         net (fo=1, routed)           0.000     5.670    alu_unit/temp_out0_inferred__1/i__carry_n_0
    SLICE_X55Y18         CARRY4 (Prop_carry4_CI_O[1])
                                                      0.334     6.004 r  alu_unit/temp_out0_inferred__1/i__carry__0/O[1]
                         net (fo=1, routed)           0.805     6.809    pc_unit/data4[5]
    SLICE_X59Y18         LUT6 (Prop_lut6_I1_O)        0.303     7.112 r  pc_unit/temp_out_reg[5]_i_1/O
                         net (fo=1, routed)           0.553     7.665    alu_unit/D[5]
    SLICE_X57Y18         LDCE                                         r  alu_unit/temp_out_reg[5]/D
  -------------------------------------------------------------------    -------------------

Slack:                    inf
  Source:                 inst_decoder_unit/REG_addr_reg[2]/G
                            (positive level-sensitive latch)
  Destination:            alu_unit/temp_out_reg[12]/D
  Path Group:             (none)
  Path Type:              Max at Slow Process Corner
  Data Path Delay:        7.614ns  (logic 2.454ns (32.230%)  route 5.160ns (67.770%))
  Logic Levels:           10  (CARRY4=4 LDCE=1 LUT3=1 LUT4=1 LUT5=1 LUT6=1 RAMS32=1)

    Location             Delay type                Incr(ns)  Path(ns)    Netlist Resource(s)
  -------------------------------------------------------------------    -------------------
    SLICE_X58Y20         LDCE                         0.000     0.000 r  inst_decoder_unit/REG_addr_reg[2]/G
    SLICE_X58Y20         LDCE (EnToQ_ldce_G_Q)        0.559     0.559 r  inst_decoder_unit/REG_addr_reg[2]/Q
                         net (fo=16, routed)          1.455     2.014    regs_unit/REG_MEM_reg_0_15_2_2/A2
    SLICE_X56Y18         RAMS32 (Prop_rams32_ADR2_O)
                                                      0.124     2.138 r  regs_unit/REG_MEM_reg_0_15_2_2/SP/O
                         net (fo=1, routed)           0.811     2.949    inst_decoder_unit/OUT0[2]
    SLICE_X56Y17         LUT3 (Prop_lut3_I2_O)        0.152     3.101 r  inst_decoder_unit/i__carry_i_9/O
                         net (fo=5, routed)           0.983     4.083    inst_decoder_unit/REG_OUT_DATA[2]
    SLICE_X54Y17         LUT5 (Prop_lut5_I3_O)        0.348     4.431 r  inst_decoder_unit/i__carry_i_14/O
                         net (fo=1, routed)           0.717     5.148    inst_decoder_unit/i__carry_i_14_n_0
    SLICE_X55Y17         LUT4 (Prop_lut4_I3_O)        0.124     5.272 r  inst_decoder_unit/i__carry_i_6/O
                         net (fo=1, routed)           0.000     5.272    alu_unit/S[2]
    SLICE_X55Y17         CARRY4 (Prop_carry4_S[2]_CO[3])
                                                      0.398     5.670 r  alu_unit/temp_out0_inferred__1/i__carry/CO[3]
                         net (fo=1, routed)           0.000     5.670    alu_unit/temp_out0_inferred__1/i__carry_n_0
    SLICE_X55Y18         CARRY4 (Prop_carry4_CI_CO[3])
                                                      0.114     5.784 r  alu_unit/temp_out0_inferred__1/i__carry__0/CO[3]
                         net (fo=1, routed)           0.000     5.784    alu_unit/temp_out0_inferred__1/i__carry__0_n_0
    SLICE_X55Y19         CARRY4 (Prop_carry4_CI_CO[3])
                                                      0.114     5.898 r  alu_unit/temp_out0_inferred__1/i__carry__1/CO[3]
                         net (fo=1, routed)           0.000     5.898    alu_unit/temp_out0_inferred__1/i__carry__1_n_0
    SLICE_X55Y20         CARRY4 (Prop_carry4_CI_O[0])
                                                      0.222     6.120 r  alu_unit/temp_out0_inferred__1/i__carry__2/O[0]
                         net (fo=1, routed)           0.672     6.793    pc_unit/data4[12]
    SLICE_X54Y20         LUT6 (Prop_lut6_I3_O)        0.299     7.092 r  pc_unit/temp_out_reg[12]_i_1/O
                         net (fo=1, routed)           0.522     7.614    alu_unit/D[12]
    SLICE_X55Y22         LDCE                                         r  alu_unit/temp_out_reg[12]/D
  -------------------------------------------------------------------    -------------------

Slack:                    inf
  Source:                 inst_decoder_unit/REG_addr_reg[2]/G
                            (positive level-sensitive latch)
  Destination:            alu_unit/temp_out_reg[4]/D
  Path Group:             (none)
  Path Type:              Max at Slow Process Corner
  Data Path Delay:        7.557ns  (logic 2.226ns (29.456%)  route 5.331ns (70.544%))
  Logic Levels:           8  (CARRY4=2 LDCE=1 LUT3=1 LUT4=1 LUT5=1 LUT6=1 RAMS32=1)

    Location             Delay type                Incr(ns)  Path(ns)    Netlist Resource(s)
  -------------------------------------------------------------------    -------------------
    SLICE_X58Y20         LDCE                         0.000     0.000 r  inst_decoder_unit/REG_addr_reg[2]/G
    SLICE_X58Y20         LDCE (EnToQ_ldce_G_Q)        0.559     0.559 r  inst_decoder_unit/REG_addr_reg[2]/Q
                         net (fo=16, routed)          1.455     2.014    regs_unit/REG_MEM_reg_0_15_2_2/A2
    SLICE_X56Y18         RAMS32 (Prop_rams32_ADR2_O)
                                                      0.124     2.138 r  regs_unit/REG_MEM_reg_0_15_2_2/SP/O
                         net (fo=1, routed)           0.811     2.949    inst_decoder_unit/OUT0[2]
    SLICE_X56Y17         LUT3 (Prop_lut3_I2_O)        0.152     3.101 r  inst_decoder_unit/i__carry_i_9/O
                         net (fo=5, routed)           0.983     4.083    inst_decoder_unit/REG_OUT_DATA[2]
    SLICE_X54Y17         LUT5 (Prop_lut5_I3_O)        0.348     4.431 r  inst_decoder_unit/i__carry_i_14/O
                         net (fo=1, routed)           0.717     5.148    inst_decoder_unit/i__carry_i_14_n_0
    SLICE_X55Y17         LUT4 (Prop_lut4_I3_O)        0.124     5.272 r  inst_decoder_unit/i__carry_i_6/O
                         net (fo=1, routed)           0.000     5.272    alu_unit/S[2]
    SLICE_X55Y17         CARRY4 (Prop_carry4_S[2]_CO[3])
                                                      0.398     5.670 r  alu_unit/temp_out0_inferred__1/i__carry/CO[3]
                         net (fo=1, routed)           0.000     5.670    alu_unit/temp_out0_inferred__1/i__carry_n_0
    SLICE_X55Y18         CARRY4 (Prop_carry4_CI_O[0])
                                                      0.222     5.892 r  alu_unit/temp_out0_inferred__1/i__carry__0/O[0]
                         net (fo=1, routed)           0.650     6.542    pc_unit/data4[4]
    SLICE_X58Y18         LUT6 (Prop_lut6_I3_O)        0.299     6.841 r  pc_unit/temp_out_reg[4]_i_1/O
                         net (fo=1, routed)           0.716     7.557    alu_unit/D[4]
    SLICE_X55Y19         LDCE                                         r  alu_unit/temp_out_reg[4]/D
  -------------------------------------------------------------------    -------------------

Slack:                    inf
  Source:                 inst_decoder_unit/REG_addr_reg[2]/G
                            (positive level-sensitive latch)
  Destination:            alu_unit/temp_out_reg[6]/D
  Path Group:             (none)
  Path Type:              Max at Slow Process Corner
  Data Path Delay:        7.518ns  (logic 2.246ns (29.877%)  route 5.272ns (70.123%))
  Logic Levels:           8  (CARRY4=2 LDCE=1 LUT3=1 LUT4=1 LUT5=1 LUT6=1 RAMS32=1)

    Location             Delay type                Incr(ns)  Path(ns)    Netlist Resource(s)
  -------------------------------------------------------------------    -------------------
    SLICE_X58Y20         LDCE                         0.000     0.000 r  inst_decoder_unit/REG_addr_reg[2]/G
    SLICE_X58Y20         LDCE (EnToQ_ldce_G_Q)        0.559     0.559 r  inst_decoder_unit/REG_addr_reg[2]/Q
                         net (fo=16, routed)          1.455     2.014    regs_unit/REG_MEM_reg_0_15_2_2/A2
    SLICE_X56Y18         RAMS32 (Prop_rams32_ADR2_O)
                                                      0.124     2.138 r  regs_unit/REG_MEM_reg_0_15_2_2/SP/O
                         net (fo=1, routed)           0.811     2.949    inst_decoder_unit/OUT0[2]
    SLICE_X56Y17         LUT3 (Prop_lut3_I2_O)        0.152     3.101 r  inst_decoder_unit/i__carry_i_9/O
                         net (fo=5, routed)           0.983     4.083    inst_decoder_unit/REG_OUT_DATA[2]
    SLICE_X54Y17         LUT5 (Prop_lut5_I3_O)        0.348     4.431 r  inst_decoder_unit/i__carry_i_14/O
                         net (fo=1, routed)           0.717     5.148    inst_decoder_unit/i__carry_i_14_n_0
    SLICE_X55Y17         LUT4 (Prop_lut4_I3_O)        0.124     5.272 r  inst_decoder_unit/i__carry_i_6/O
                         net (fo=1, routed)           0.000     5.272    alu_unit/S[2]
    SLICE_X55Y17         CARRY4 (Prop_carry4_S[2]_CO[3])
                                                      0.398     5.670 r  alu_unit/temp_out0_inferred__1/i__carry/CO[3]
                         net (fo=1, routed)           0.000     5.670    alu_unit/temp_out0_inferred__1/i__carry_n_0
    SLICE_X55Y18         CARRY4 (Prop_carry4_CI_O[2])
                                                      0.239     5.909 r  alu_unit/temp_out0_inferred__1/i__carry__0/O[2]
                         net (fo=1, routed)           0.977     6.886    pc_unit/data4[6]
    SLICE_X56Y16         LUT6 (Prop_lut6_I2_O)        0.302     7.188 r  pc_unit/temp_out_reg[6]_i_1/O
                         net (fo=1, routed)           0.330     7.518    alu_unit/D[6]
    SLICE_X56Y17         LDCE                                         r  alu_unit/temp_out_reg[6]/D
  -------------------------------------------------------------------    -------------------





Min Delay Paths
--------------------------------------------------------------------------------------
Slack:                    inf
  Source:                 alu_unit/temp_out_reg[2]/G
                            (positive level-sensitive latch)
  Destination:            acu_unit/temp_reg_reg[2]/D
  Path Group:             (none)
  Path Type:              Min at Fast Process Corner
  Data Path Delay:        0.271ns  (logic 0.158ns (58.279%)  route 0.113ns (41.721%))
  Logic Levels:           1  (LDCE=1)

    Location             Delay type                Incr(ns)  Path(ns)    Netlist Resource(s)
  -------------------------------------------------------------------    -------------------
    SLICE_X59Y18         LDCE                         0.000     0.000 r  alu_unit/temp_out_reg[2]/G
    SLICE_X59Y18         LDCE (EnToQ_ldce_G_Q)        0.158     0.158 r  alu_unit/temp_out_reg[2]/Q
                         net (fo=2, routed)           0.113     0.271    acu_unit/temp_reg_reg[15]_0[2]
    SLICE_X60Y18         FDRE                                         r  acu_unit/temp_reg_reg[2]/D
  -------------------------------------------------------------------    -------------------

Slack:                    inf
  Source:                 alu_unit/temp_out_reg[1]/G
                            (positive level-sensitive latch)
  Destination:            acu_unit/temp_reg_reg[1]/D
  Path Group:             (none)
  Path Type:              Min at Fast Process Corner
  Data Path Delay:        0.275ns  (logic 0.158ns (57.520%)  route 0.117ns (42.480%))
  Logic Levels:           1  (LDCE=1)

    Location             Delay type                Incr(ns)  Path(ns)    Netlist Resource(s)
  -------------------------------------------------------------------    -------------------
    SLICE_X58Y18         LDCE                         0.000     0.000 r  alu_unit/temp_out_reg[1]/G
    SLICE_X58Y18         LDCE (EnToQ_ldce_G_Q)        0.158     0.158 r  alu_unit/temp_out_reg[1]/Q
                         net (fo=2, routed)           0.117     0.275    acu_unit/temp_reg_reg[15]_0[1]
    SLICE_X60Y18         FDRE                                         r  acu_unit/temp_reg_reg[1]/D
  -------------------------------------------------------------------    -------------------

Slack:                    inf
  Source:                 pc_unit/Q_reg[2]/C
                            (rising edge-triggered cell FDCE)
  Destination:            pc_unit/Q_reg[4]/D
  Path Group:             (none)
  Path Type:              Min at Fast Process Corner
  Data Path Delay:        0.277ns  (logic 0.186ns (67.067%)  route 0.091ns (32.933%))
  Logic Levels:           2  (FDCE=1 LUT6=1)

    Location             Delay type                Incr(ns)  Path(ns)    Netlist Resource(s)
  -------------------------------------------------------------------    -------------------
    SLICE_X61Y22         FDCE                         0.000     0.000 r  pc_unit/Q_reg[2]/C
    SLICE_X61Y22         FDCE (Prop_fdce_C_Q)         0.141     0.141 r  pc_unit/Q_reg[2]/Q
                         net (fo=23, routed)          0.091     0.232    pc_unit/Q_reg[2]
    SLICE_X60Y22         LUT6 (Prop_lut6_I3_O)        0.045     0.277 r  pc_unit/Q[4]_i_1/O
                         net (fo=1, routed)           0.000     0.277    pc_unit/p_0_in__0[4]
    SLICE_X60Y22         FDCE                                         r  pc_unit/Q_reg[4]/D
  -------------------------------------------------------------------    -------------------

Slack:                    inf
  Source:                 alu_unit/temp_out_reg[10]/G
                            (positive level-sensitive latch)
  Destination:            acu_unit/temp_reg_reg[10]/D
  Path Group:             (none)
  Path Type:              Min at Fast Process Corner
  Data Path Delay:        0.280ns  (logic 0.158ns (56.400%)  route 0.122ns (43.600%))
  Logic Levels:           1  (LDCE=1)

    Location             Delay type                Incr(ns)  Path(ns)    Netlist Resource(s)
  -------------------------------------------------------------------    -------------------
    SLICE_X55Y22         LDCE                         0.000     0.000 r  alu_unit/temp_out_reg[10]/G
    SLICE_X55Y22         LDCE (EnToQ_ldce_G_Q)        0.158     0.158 r  alu_unit/temp_out_reg[10]/Q
                         net (fo=2, routed)           0.122     0.280    acu_unit/temp_reg_reg[15]_0[10]
    SLICE_X55Y21         FDRE                                         r  acu_unit/temp_reg_reg[10]/D
  -------------------------------------------------------------------    -------------------

Slack:                    inf
  Source:                 alu_unit/temp_out_reg[9]/G
                            (positive level-sensitive latch)
  Destination:            acu_unit/temp_reg_reg[9]/D
  Path Group:             (none)
  Path Type:              Min at Fast Process Corner
  Data Path Delay:        0.282ns  (logic 0.158ns (56.001%)  route 0.124ns (43.999%))
  Logic Levels:           1  (LDCE=1)

    Location             Delay type                Incr(ns)  Path(ns)    Netlist Resource(s)
  -------------------------------------------------------------------    -------------------
    SLICE_X55Y19         LDCE                         0.000     0.000 r  alu_unit/temp_out_reg[9]/G
    SLICE_X55Y19         LDCE (EnToQ_ldce_G_Q)        0.158     0.158 r  alu_unit/temp_out_reg[9]/Q
                         net (fo=2, routed)           0.124     0.282    acu_unit/temp_reg_reg[15]_0[9]
    SLICE_X55Y20         FDRE                                         r  acu_unit/temp_reg_reg[9]/D
  -------------------------------------------------------------------    -------------------

Slack:                    inf
  Source:                 alu_unit/temp_out_reg[12]/G
                            (positive level-sensitive latch)
  Destination:            acu_unit/temp_reg_reg[12]/D
  Path Group:             (none)
  Path Type:              Min at Fast Process Corner
  Data Path Delay:        0.285ns  (logic 0.158ns (55.371%)  route 0.127ns (44.629%))
  Logic Levels:           1  (LDCE=1)

    Location             Delay type                Incr(ns)  Path(ns)    Netlist Resource(s)
  -------------------------------------------------------------------    -------------------
    SLICE_X55Y22         LDCE                         0.000     0.000 r  alu_unit/temp_out_reg[12]/G
    SLICE_X55Y22         LDCE (EnToQ_ldce_G_Q)        0.158     0.158 r  alu_unit/temp_out_reg[12]/Q
                         net (fo=2, routed)           0.127     0.285    acu_unit/temp_reg_reg[15]_0[12]
    SLICE_X55Y20         FDRE                                         r  acu_unit/temp_reg_reg[12]/D
  -------------------------------------------------------------------    -------------------

Slack:                    inf
  Source:                 acu_unit/temp_reg_reg[9]/C
                            (rising edge-triggered cell FDRE)
  Destination:            regs_unit/REG_MEM_reg_0_15_9_9/SP/I
  Path Group:             (none)
  Path Type:              Min at Fast Process Corner
  Data Path Delay:        0.292ns  (logic 0.141ns (48.361%)  route 0.151ns (51.639%))
  Logic Levels:           1  (FDRE=1)

    Location             Delay type                Incr(ns)  Path(ns)    Netlist Resource(s)
  -------------------------------------------------------------------    -------------------
    SLICE_X55Y20         FDRE                         0.000     0.000 r  acu_unit/temp_reg_reg[9]/C
    SLICE_X55Y20         FDRE (Prop_fdre_C_Q)         0.141     0.141 r  acu_unit/temp_reg_reg[9]/Q
                         net (fo=8, routed)           0.151     0.292    regs_unit/REG_MEM_reg_0_15_9_9/D
    SLICE_X56Y19         RAMS32                                       r  regs_unit/REG_MEM_reg_0_15_9_9/SP/I
  -------------------------------------------------------------------    -------------------

Slack:                    inf
  Source:                 acu_unit/temp_reg_reg[11]/C
                            (rising edge-triggered cell FDRE)
  Destination:            regs_unit/REG_MEM_reg_0_15_11_11/SP/I
  Path Group:             (none)
  Path Type:              Min at Fast Process Corner
  Data Path Delay:        0.292ns  (logic 0.141ns (48.258%)  route 0.151ns (51.742%))
  Logic Levels:           1  (FDRE=1)

    Location             Delay type                Incr(ns)  Path(ns)    Netlist Resource(s)
  -------------------------------------------------------------------    -------------------
    SLICE_X55Y20         FDRE                         0.000     0.000 r  acu_unit/temp_reg_reg[11]/C
    SLICE_X55Y20         FDRE (Prop_fdre_C_Q)         0.141     0.141 r  acu_unit/temp_reg_reg[11]/Q
                         net (fo=8, routed)           0.151     0.292    regs_unit/REG_MEM_reg_0_15_11_11/D
    SLICE_X56Y20         RAMS32                                       r  regs_unit/REG_MEM_reg_0_15_11_11/SP/I
  -------------------------------------------------------------------    -------------------

Slack:                    inf
  Source:                 acu_unit/temp_reg_reg[10]/C
                            (rising edge-triggered cell FDRE)
  Destination:            regs_unit/REG_MEM_reg_0_15_10_10/SP/I
  Path Group:             (none)
  Path Type:              Min at Fast Process Corner
  Data Path Delay:        0.299ns  (logic 0.141ns (47.229%)  route 0.158ns (52.771%))
  Logic Levels:           1  (FDRE=1)

    Location             Delay type                Incr(ns)  Path(ns)    Netlist Resource(s)
  -------------------------------------------------------------------    -------------------
    SLICE_X55Y21         FDRE                         0.000     0.000 r  acu_unit/temp_reg_reg[10]/C
    SLICE_X55Y21         FDRE (Prop_fdre_C_Q)         0.141     0.141 r  acu_unit/temp_reg_reg[10]/Q
                         net (fo=8, routed)           0.158     0.299    regs_unit/REG_MEM_reg_0_15_10_10/D
    SLICE_X56Y20         RAMS32                                       r  regs_unit/REG_MEM_reg_0_15_10_10/SP/I
  -------------------------------------------------------------------    -------------------

Slack:                    inf
  Source:                 alu_unit/temp_carry_reg/G
                            (positive level-sensitive latch)
  Destination:            D_Carry_flop_unit/Q_reg/D
  Path Group:             (none)
  Path Type:              Min at Fast Process Corner
  Data Path Delay:        0.299ns  (logic 0.178ns (59.486%)  route 0.121ns (40.514%))
  Logic Levels:           1  (LDCE=1)

    Location             Delay type                Incr(ns)  Path(ns)    Netlist Resource(s)
  -------------------------------------------------------------------    -------------------
    SLICE_X60Y21         LDCE                         0.000     0.000 r  alu_unit/temp_carry_reg/G
    SLICE_X60Y21         LDCE (EnToQ_ldce_G_Q)        0.178     0.178 r  alu_unit/temp_carry_reg/Q
                         net (fo=2, routed)           0.121     0.299    D_Carry_flop_unit/ALU_CARRY
    SLICE_X58Y21         FDCE                                         r  D_Carry_flop_unit/Q_reg/D
  -------------------------------------------------------------------    -------------------





