Copyright 1986-2022 Xilinx, Inc. All Rights Reserved. Copyright 2022-2023 Advanced Micro Devices, Inc. All Rights Reserved.
--------------------------------------------------------------------------------------------------------------------------------------------------------
| Tool Version : Vivado v.2023.2 (win64) Build 4029153 Fri Oct 13 20:14:34 MDT 2023
| Date         : Sun Nov 24 17:01:13 2024
| Host         : DESKTOP-HGV327J running 64-bit major release  (build 9200)
| Command      : report_methodology -file uP_top_methodology_drc_routed.rpt -pb uP_top_methodology_drc_routed.pb -rpx uP_top_methodology_drc_routed.rpx
| Design       : uP_top
| Device       : xc7a35tcpg236-1
| Speed File   : -1
| Design State : Fully Routed
--------------------------------------------------------------------------------------------------------------------------------------------------------

Report Methodology

Table of Contents
-----------------
1. REPORT SUMMARY
2. REPORT DETAILS

1. REPORT SUMMARY
-----------------
            Netlist: netlist
          Floorplan: design_1
      Design limits: <entire design considered>
             Max violations: <unlimited>
             Violations found: 106
+-----------+------------------+--------------------------------+------------+
| Rule      | Severity         | Description                    | Violations |
+-----------+------------------+--------------------------------+------------+
| TIMING-17 | Critical Warning | Non-clocked sequential cell    | 69         |
| LUTAR-1   | Warning          | LUT drives async reset alert   | 2          |
| TIMING-20 | Warning          | Non-clocked latch              | 34         |
| LATCH-1   | Advisory         | Existing latches in the design | 1          |
+-----------+------------------+--------------------------------+------------+

2. REPORT DETAILS
-----------------
TIMING-17#1 Critical Warning
Non-clocked sequential cell  
The clock pin D_Carry_flop_unit/Q_reg/C is not reached by a timing clock
Related violations: <none>

TIMING-17#2 Critical Warning
Non-clocked sequential cell  
The clock pin acu_unit/temp_reg_reg[0]/C is not reached by a timing clock
Related violations: <none>

TIMING-17#3 Critical Warning
Non-clocked sequential cell  
The clock pin acu_unit/temp_reg_reg[10]/C is not reached by a timing clock
Related violations: <none>

TIMING-17#4 Critical Warning
Non-clocked sequential cell  
The clock pin acu_unit/temp_reg_reg[11]/C is not reached by a timing clock
Related violations: <none>

TIMING-17#5 Critical Warning
Non-clocked sequential cell  
The clock pin acu_unit/temp_reg_reg[12]/C is not reached by a timing clock
Related violations: <none>

TIMING-17#6 Critical Warning
Non-clocked sequential cell  
The clock pin acu_unit/temp_reg_reg[13]/C is not reached by a timing clock
Related violations: <none>

TIMING-17#7 Critical Warning
Non-clocked sequential cell  
The clock pin acu_unit/temp_reg_reg[14]/C is not reached by a timing clock
Related violations: <none>

TIMING-17#8 Critical Warning
Non-clocked sequential cell  
The clock pin acu_unit/temp_reg_reg[15]/C is not reached by a timing clock
Related violations: <none>

TIMING-17#9 Critical Warning
Non-clocked sequential cell  
The clock pin acu_unit/temp_reg_reg[1]/C is not reached by a timing clock
Related violations: <none>

TIMING-17#10 Critical Warning
Non-clocked sequential cell  
The clock pin acu_unit/temp_reg_reg[2]/C is not reached by a timing clock
Related violations: <none>

TIMING-17#11 Critical Warning
Non-clocked sequential cell  
The clock pin acu_unit/temp_reg_reg[3]/C is not reached by a timing clock
Related violations: <none>

TIMING-17#12 Critical Warning
Non-clocked sequential cell  
The clock pin acu_unit/temp_reg_reg[4]/C is not reached by a timing clock
Related violations: <none>

TIMING-17#13 Critical Warning
Non-clocked sequential cell  
The clock pin acu_unit/temp_reg_reg[5]/C is not reached by a timing clock
Related violations: <none>

TIMING-17#14 Critical Warning
Non-clocked sequential cell  
The clock pin acu_unit/temp_reg_reg[6]/C is not reached by a timing clock
Related violations: <none>

TIMING-17#15 Critical Warning
Non-clocked sequential cell  
The clock pin acu_unit/temp_reg_reg[7]/C is not reached by a timing clock
Related violations: <none>

TIMING-17#16 Critical Warning
Non-clocked sequential cell  
The clock pin acu_unit/temp_reg_reg[8]/C is not reached by a timing clock
Related violations: <none>

TIMING-17#17 Critical Warning
Non-clocked sequential cell  
The clock pin acu_unit/temp_reg_reg[9]/C is not reached by a timing clock
Related violations: <none>

TIMING-17#18 Critical Warning
Non-clocked sequential cell  
The clock pin anode_switch_unit/ANODES_reg[0]/C is not reached by a timing clock
Related violations: <none>

TIMING-17#19 Critical Warning
Non-clocked sequential cell  
The clock pin anode_switch_unit/ANODES_reg[1]/C is not reached by a timing clock
Related violations: <none>

TIMING-17#20 Critical Warning
Non-clocked sequential cell  
The clock pin anode_switch_unit/ANODES_reg[2]/C is not reached by a timing clock
Related violations: <none>

TIMING-17#21 Critical Warning
Non-clocked sequential cell  
The clock pin anode_switch_unit/ANODES_reg[3]/C is not reached by a timing clock
Related violations: <none>

TIMING-17#22 Critical Warning
Non-clocked sequential cell  
The clock pin anode_switch_unit/ANODE_POINTER_reg[0]/C is not reached by a timing clock
Related violations: <none>

TIMING-17#23 Critical Warning
Non-clocked sequential cell  
The clock pin anode_switch_unit/ANODE_POINTER_reg[1]/C is not reached by a timing clock
Related violations: <none>

TIMING-17#24 Critical Warning
Non-clocked sequential cell  
The clock pin anode_switch_unit/refresh_counter_reg[0]/C is not reached by a timing clock
Related violations: <none>

TIMING-17#25 Critical Warning
Non-clocked sequential cell  
The clock pin anode_switch_unit/refresh_counter_reg[10]/C is not reached by a timing clock
Related violations: <none>

TIMING-17#26 Critical Warning
Non-clocked sequential cell  
The clock pin anode_switch_unit/refresh_counter_reg[11]/C is not reached by a timing clock
Related violations: <none>

TIMING-17#27 Critical Warning
Non-clocked sequential cell  
The clock pin anode_switch_unit/refresh_counter_reg[12]/C is not reached by a timing clock
Related violations: <none>

TIMING-17#28 Critical Warning
Non-clocked sequential cell  
The clock pin anode_switch_unit/refresh_counter_reg[13]/C is not reached by a timing clock
Related violations: <none>

TIMING-17#29 Critical Warning
Non-clocked sequential cell  
The clock pin anode_switch_unit/refresh_counter_reg[14]/C is not reached by a timing clock
Related violations: <none>

TIMING-17#30 Critical Warning
Non-clocked sequential cell  
The clock pin anode_switch_unit/refresh_counter_reg[15]/C is not reached by a timing clock
Related violations: <none>

TIMING-17#31 Critical Warning
Non-clocked sequential cell  
The clock pin anode_switch_unit/refresh_counter_reg[16]/C is not reached by a timing clock
Related violations: <none>

TIMING-17#32 Critical Warning
Non-clocked sequential cell  
The clock pin anode_switch_unit/refresh_counter_reg[17]/C is not reached by a timing clock
Related violations: <none>

TIMING-17#33 Critical Warning
Non-clocked sequential cell  
The clock pin anode_switch_unit/refresh_counter_reg[18]/C is not reached by a timing clock
Related violations: <none>

TIMING-17#34 Critical Warning
Non-clocked sequential cell  
The clock pin anode_switch_unit/refresh_counter_reg[19]/C is not reached by a timing clock
Related violations: <none>

TIMING-17#35 Critical Warning
Non-clocked sequential cell  
The clock pin anode_switch_unit/refresh_counter_reg[1]/C is not reached by a timing clock
Related violations: <none>

TIMING-17#36 Critical Warning
Non-clocked sequential cell  
The clock pin anode_switch_unit/refresh_counter_reg[2]/C is not reached by a timing clock
Related violations: <none>

TIMING-17#37 Critical Warning
Non-clocked sequential cell  
The clock pin anode_switch_unit/refresh_counter_reg[3]/C is not reached by a timing clock
Related violations: <none>

TIMING-17#38 Critical Warning
Non-clocked sequential cell  
The clock pin anode_switch_unit/refresh_counter_reg[4]/C is not reached by a timing clock
Related violations: <none>

TIMING-17#39 Critical Warning
Non-clocked sequential cell  
The clock pin anode_switch_unit/refresh_counter_reg[5]/C is not reached by a timing clock
Related violations: <none>

TIMING-17#40 Critical Warning
Non-clocked sequential cell  
The clock pin anode_switch_unit/refresh_counter_reg[6]/C is not reached by a timing clock
Related violations: <none>

TIMING-17#41 Critical Warning
Non-clocked sequential cell  
The clock pin anode_switch_unit/refresh_counter_reg[7]/C is not reached by a timing clock
Related violations: <none>

TIMING-17#42 Critical Warning
Non-clocked sequential cell  
The clock pin anode_switch_unit/refresh_counter_reg[8]/C is not reached by a timing clock
Related violations: <none>

TIMING-17#43 Critical Warning
Non-clocked sequential cell  
The clock pin anode_switch_unit/refresh_counter_reg[9]/C is not reached by a timing clock
Related violations: <none>

TIMING-17#44 Critical Warning
Non-clocked sequential cell  
The clock pin debouncer_unit/u1/Q_reg/C is not reached by a timing clock
Related violations: <none>

TIMING-17#45 Critical Warning
Non-clocked sequential cell  
The clock pin debouncer_unit/u2/Q_reg/C is not reached by a timing clock
Related violations: <none>

TIMING-17#46 Critical Warning
Non-clocked sequential cell  
The clock pin debouncer_unit/u3/Q_reg/C is not reached by a timing clock
Related violations: <none>

TIMING-17#47 Critical Warning
Non-clocked sequential cell  
The clock pin pc_unit/Q_reg[0]/C is not reached by a timing clock
Related violations: <none>

TIMING-17#48 Critical Warning
Non-clocked sequential cell  
The clock pin pc_unit/Q_reg[1]/C is not reached by a timing clock
Related violations: <none>

TIMING-17#49 Critical Warning
Non-clocked sequential cell  
The clock pin pc_unit/Q_reg[2]/C is not reached by a timing clock
Related violations: <none>

TIMING-17#50 Critical Warning
Non-clocked sequential cell  
The clock pin pc_unit/Q_reg[3]/C is not reached by a timing clock
Related violations: <none>

TIMING-17#51 Critical Warning
Non-clocked sequential cell  
The clock pin pc_unit/Q_reg[4]/C is not reached by a timing clock
Related violations: <none>

TIMING-17#52 Critical Warning
Non-clocked sequential cell  
The clock pin pc_unit/Q_reg[5]/C is not reached by a timing clock
Related violations: <none>

TIMING-17#53 Critical Warning
Non-clocked sequential cell  
The clock pin pc_unit/noop_pending_reg/C is not reached by a timing clock
Related violations: <none>

TIMING-17#54 Critical Warning
Non-clocked sequential cell  
The clock pin regs_unit/REG_MEM_reg_0_15_0_0/SP/CLK is not reached by a timing clock
Related violations: <none>

TIMING-17#55 Critical Warning
Non-clocked sequential cell  
The clock pin regs_unit/REG_MEM_reg_0_15_10_10/SP/CLK is not reached by a timing clock
Related violations: <none>

TIMING-17#56 Critical Warning
Non-clocked sequential cell  
The clock pin regs_unit/REG_MEM_reg_0_15_11_11/SP/CLK is not reached by a timing clock
Related violations: <none>

TIMING-17#57 Critical Warning
Non-clocked sequential cell  
The clock pin regs_unit/REG_MEM_reg_0_15_12_12/SP/CLK is not reached by a timing clock
Related violations: <none>

TIMING-17#58 Critical Warning
Non-clocked sequential cell  
The clock pin regs_unit/REG_MEM_reg_0_15_13_13/SP/CLK is not reached by a timing clock
Related violations: <none>

TIMING-17#59 Critical Warning
Non-clocked sequential cell  
The clock pin regs_unit/REG_MEM_reg_0_15_14_14/SP/CLK is not reached by a timing clock
Related violations: <none>

TIMING-17#60 Critical Warning
Non-clocked sequential cell  
The clock pin regs_unit/REG_MEM_reg_0_15_15_15/SP/CLK is not reached by a timing clock
Related violations: <none>

TIMING-17#61 Critical Warning
Non-clocked sequential cell  
The clock pin regs_unit/REG_MEM_reg_0_15_1_1/SP/CLK is not reached by a timing clock
Related violations: <none>

TIMING-17#62 Critical Warning
Non-clocked sequential cell  
The clock pin regs_unit/REG_MEM_reg_0_15_2_2/SP/CLK is not reached by a timing clock
Related violations: <none>

TIMING-17#63 Critical Warning
Non-clocked sequential cell  
The clock pin regs_unit/REG_MEM_reg_0_15_3_3/SP/CLK is not reached by a timing clock
Related violations: <none>

TIMING-17#64 Critical Warning
Non-clocked sequential cell  
The clock pin regs_unit/REG_MEM_reg_0_15_4_4/SP/CLK is not reached by a timing clock
Related violations: <none>

TIMING-17#65 Critical Warning
Non-clocked sequential cell  
The clock pin regs_unit/REG_MEM_reg_0_15_5_5/SP/CLK is not reached by a timing clock
Related violations: <none>

TIMING-17#66 Critical Warning
Non-clocked sequential cell  
The clock pin regs_unit/REG_MEM_reg_0_15_6_6/SP/CLK is not reached by a timing clock
Related violations: <none>

TIMING-17#67 Critical Warning
Non-clocked sequential cell  
The clock pin regs_unit/REG_MEM_reg_0_15_7_7/SP/CLK is not reached by a timing clock
Related violations: <none>

TIMING-17#68 Critical Warning
Non-clocked sequential cell  
The clock pin regs_unit/REG_MEM_reg_0_15_8_8/SP/CLK is not reached by a timing clock
Related violations: <none>

TIMING-17#69 Critical Warning
Non-clocked sequential cell  
The clock pin regs_unit/REG_MEM_reg_0_15_9_9/SP/CLK is not reached by a timing clock
Related violations: <none>

LUTAR-1#1 Warning
LUT drives async reset alert  
LUT cell anode_switch_unit/LED_out_reg[0]_i_2, with 2 or more inputs, drives asynchronous preset/clear pin(s) seg_disp_decoder_unit/LED_out_reg[0]/PRE. The LUT may glitch and trigger an unexpected reset, even if it is a properly timed path.
Related violations: <none>

LUTAR-1#2 Warning
LUT drives async reset alert  
LUT cell anode_switch_unit/LED_out_reg[6]_i_3, with 2 or more inputs, drives asynchronous preset/clear pin(s) seg_disp_decoder_unit/LED_out_reg[1]/PRE,
seg_disp_decoder_unit/LED_out_reg[2]/PRE,
seg_disp_decoder_unit/LED_out_reg[3]/PRE,
seg_disp_decoder_unit/LED_out_reg[4]/PRE,
seg_disp_decoder_unit/LED_out_reg[5]/PRE
seg_disp_decoder_unit/LED_out_reg[6]/PRE. The LUT may glitch and trigger an unexpected reset, even if it is a properly timed path.
Related violations: <none>

TIMING-20#1 Warning
Non-clocked latch  
The latch alu_unit/temp_carry_reg cannot be properly analyzed as its control pin alu_unit/temp_carry_reg/G is not reached by a timing clock
Related violations: <none>

TIMING-20#2 Warning
Non-clocked latch  
The latch alu_unit/temp_out_reg[0] cannot be properly analyzed as its control pin alu_unit/temp_out_reg[0]/G is not reached by a timing clock
Related violations: <none>

TIMING-20#3 Warning
Non-clocked latch  
The latch alu_unit/temp_out_reg[10] cannot be properly analyzed as its control pin alu_unit/temp_out_reg[10]/G is not reached by a timing clock
Related violations: <none>

TIMING-20#4 Warning
Non-clocked latch  
The latch alu_unit/temp_out_reg[11] cannot be properly analyzed as its control pin alu_unit/temp_out_reg[11]/G is not reached by a timing clock
Related violations: <none>

TIMING-20#5 Warning
Non-clocked latch  
The latch alu_unit/temp_out_reg[12] cannot be properly analyzed as its control pin alu_unit/temp_out_reg[12]/G is not reached by a timing clock
Related violations: <none>

TIMING-20#6 Warning
Non-clocked latch  
The latch alu_unit/temp_out_reg[13] cannot be properly analyzed as its control pin alu_unit/temp_out_reg[13]/G is not reached by a timing clock
Related violations: <none>

TIMING-20#7 Warning
Non-clocked latch  
The latch alu_unit/temp_out_reg[14] cannot be properly analyzed as its control pin alu_unit/temp_out_reg[14]/G is not reached by a timing clock
Related violations: <none>

TIMING-20#8 Warning
Non-clocked latch  
The latch alu_unit/temp_out_reg[15] cannot be properly analyzed as its control pin alu_unit/temp_out_reg[15]/G is not reached by a timing clock
Related violations: <none>

TIMING-20#9 Warning
Non-clocked latch  
The latch alu_unit/temp_out_reg[1] cannot be properly analyzed as its control pin alu_unit/temp_out_reg[1]/G is not reached by a timing clock
Related violations: <none>

TIMING-20#10 Warning
Non-clocked latch  
The latch alu_unit/temp_out_reg[2] cannot be properly analyzed as its control pin alu_unit/temp_out_reg[2]/G is not reached by a timing clock
Related violations: <none>

TIMING-20#11 Warning
Non-clocked latch  
The latch alu_unit/temp_out_reg[3] cannot be properly analyzed as its control pin alu_unit/temp_out_reg[3]/G is not reached by a timing clock
Related violations: <none>

TIMING-20#12 Warning
Non-clocked latch  
The latch alu_unit/temp_out_reg[4] cannot be properly analyzed as its control pin alu_unit/temp_out_reg[4]/G is not reached by a timing clock
Related violations: <none>

TIMING-20#13 Warning
Non-clocked latch  
The latch alu_unit/temp_out_reg[5] cannot be properly analyzed as its control pin alu_unit/temp_out_reg[5]/G is not reached by a timing clock
Related violations: <none>

TIMING-20#14 Warning
Non-clocked latch  
The latch alu_unit/temp_out_reg[6] cannot be properly analyzed as its control pin alu_unit/temp_out_reg[6]/G is not reached by a timing clock
Related violations: <none>

TIMING-20#15 Warning
Non-clocked latch  
The latch alu_unit/temp_out_reg[7] cannot be properly analyzed as its control pin alu_unit/temp_out_reg[7]/G is not reached by a timing clock
Related violations: <none>

TIMING-20#16 Warning
Non-clocked latch  
The latch alu_unit/temp_out_reg[8] cannot be properly analyzed as its control pin alu_unit/temp_out_reg[8]/G is not reached by a timing clock
Related violations: <none>

TIMING-20#17 Warning
Non-clocked latch  
The latch alu_unit/temp_out_reg[9] cannot be properly analyzed as its control pin alu_unit/temp_out_reg[9]/G is not reached by a timing clock
Related violations: <none>

TIMING-20#18 Warning
Non-clocked latch  
The latch inst_decoder_unit/CE_A_reg cannot be properly analyzed as its control pin inst_decoder_unit/CE_A_reg/G is not reached by a timing clock
Related violations: <none>

TIMING-20#19 Warning
Non-clocked latch  
The latch inst_decoder_unit/CS_REG_reg cannot be properly analyzed as its control pin inst_decoder_unit/CS_REG_reg/G is not reached by a timing clock
Related violations: <none>

TIMING-20#20 Warning
Non-clocked latch  
The latch inst_decoder_unit/INSTA_nmbr_reg[1] cannot be properly analyzed as its control pin inst_decoder_unit/INSTA_nmbr_reg[1]/G is not reached by a timing clock
Related violations: <none>

TIMING-20#21 Warning
Non-clocked latch  
The latch inst_decoder_unit/INSTA_nmbr_reg[2] cannot be properly analyzed as its control pin inst_decoder_unit/INSTA_nmbr_reg[2]/G is not reached by a timing clock
Related violations: <none>

TIMING-20#22 Warning
Non-clocked latch  
The latch inst_decoder_unit/INSTA_nmbr_reg[3] cannot be properly analyzed as its control pin inst_decoder_unit/INSTA_nmbr_reg[3]/G is not reached by a timing clock
Related violations: <none>

TIMING-20#23 Warning
Non-clocked latch  
The latch inst_decoder_unit/MUX_SEL_A_INST_reg cannot be properly analyzed as its control pin inst_decoder_unit/MUX_SEL_A_INST_reg/G is not reached by a timing clock
Related violations: <none>

TIMING-20#24 Warning
Non-clocked latch  
The latch inst_decoder_unit/MUX_SEL_REG_RAM_reg cannot be properly analyzed as its control pin inst_decoder_unit/MUX_SEL_REG_RAM_reg/G is not reached by a timing clock
Related violations: <none>

TIMING-20#25 Warning
Non-clocked latch  
The latch inst_decoder_unit/REG_addr_reg[1] cannot be properly analyzed as its control pin inst_decoder_unit/REG_addr_reg[1]/G is not reached by a timing clock
Related violations: <none>

TIMING-20#26 Warning
Non-clocked latch  
The latch inst_decoder_unit/REG_addr_reg[2] cannot be properly analyzed as its control pin inst_decoder_unit/REG_addr_reg[2]/G is not reached by a timing clock
Related violations: <none>

TIMING-20#27 Warning
Non-clocked latch  
The latch inst_decoder_unit/WE_REG_reg cannot be properly analyzed as its control pin inst_decoder_unit/WE_REG_reg/G is not reached by a timing clock
Related violations: <none>

TIMING-20#28 Warning
Non-clocked latch  
The latch seg_disp_decoder_unit/LED_out_reg[0] cannot be properly analyzed as its control pin seg_disp_decoder_unit/LED_out_reg[0]/G is not reached by a timing clock
Related violations: <none>

TIMING-20#29 Warning
Non-clocked latch  
The latch seg_disp_decoder_unit/LED_out_reg[1] cannot be properly analyzed as its control pin seg_disp_decoder_unit/LED_out_reg[1]/G is not reached by a timing clock
Related violations: <none>

TIMING-20#30 Warning
Non-clocked latch  
The latch seg_disp_decoder_unit/LED_out_reg[2] cannot be properly analyzed as its control pin seg_disp_decoder_unit/LED_out_reg[2]/G is not reached by a timing clock
Related violations: <none>

TIMING-20#31 Warning
Non-clocked latch  
The latch seg_disp_decoder_unit/LED_out_reg[3] cannot be properly analyzed as its control pin seg_disp_decoder_unit/LED_out_reg[3]/G is not reached by a timing clock
Related violations: <none>

TIMING-20#32 Warning
Non-clocked latch  
The latch seg_disp_decoder_unit/LED_out_reg[4] cannot be properly analyzed as its control pin seg_disp_decoder_unit/LED_out_reg[4]/G is not reached by a timing clock
Related violations: <none>

TIMING-20#33 Warning
Non-clocked latch  
The latch seg_disp_decoder_unit/LED_out_reg[5] cannot be properly analyzed as its control pin seg_disp_decoder_unit/LED_out_reg[5]/G is not reached by a timing clock
Related violations: <none>

TIMING-20#34 Warning
Non-clocked latch  
The latch seg_disp_decoder_unit/LED_out_reg[6] cannot be properly analyzed as its control pin seg_disp_decoder_unit/LED_out_reg[6]/G is not reached by a timing clock
Related violations: <none>

LATCH-1#1 Advisory
Existing latches in the design  
There are 34 latches found in the design. Inferred latches are often the result of HDL coding mistakes, such as incomplete if or case statements.
Related violations: <none>


